
> build
> vite build

vite v7.3.1 building client environment for production...
[plugin @laravel/vite-plugin-wayfinder] Types generated for actions, routes, form variants
transforming...
✓ 5 modules transformed.
✗ Build failed in 3.58s
error during build:
[vite:react-babel] /mnt/Delta/wamp64/www/megalomaniac/resources/js/pages/finance/income-sources/index.tsx: Unexpected token, expected "," (155:38)

  153 |                                             </td>
  154 |                                         </tr>
> 155 |                                     ))}
      |                                       ^
  156 |                             </tbody>
  157 |                         </table>
  158 |                     </div>
file: /mnt/Delta/wamp64/www/megalomaniac/resources/js/pages/finance/income-sources/index.tsx:155:38
    at constructor (/mnt/Delta/wamp64/www/megalomaniac/node_modules/@babel/parser/lib/index.js:365:19)
    at TypeScriptParserMixin.raise (/mnt/Delta/wamp64/www/megalomaniac/node_modules/@babel/parser/lib/index.js:6599:19)
    at TypeScriptParserMixin.unexpected (/mnt/Delta/wamp64/www/megalomaniac/node_modules/@babel/parser/lib/index.js:6619:16)
    at TypeScriptParserMixin.expect (/mnt/Delta/wamp64/www/megalomaniac/node_modules/@babel/parser/lib/index.js:6899:12)
    at TypeScriptParserMixin.parseParenAndDistinguishExpression (/mnt/Delta/wamp64/www/megalomaniac/node_modules/@babel/parser/lib/index.js:11661:14)
    at TypeScriptParserMixin.parseExprAtom (/mnt/Delta/wamp64/www/megalomaniac/node_modules/@babel/parser/lib/index.js:11331:23)
    at TypeScriptParserMixin.parseExprAtom (/mnt/Delta/wamp64/www/megalomaniac/node_modules/@babel/parser/lib/index.js:4764:20)
    at TypeScriptParserMixin.parseExprSubscripts (/mnt/Delta/wamp64/www/megalomaniac/node_modules/@babel/parser/lib/index.js:11081:23)
    at TypeScriptParserMixin.parseUpdate (/mnt/Delta/wamp64/www/megalomaniac/node_modules/@babel/parser/lib/index.js:11066:21)
    at TypeScriptParserMixin.parseMaybeUnary (/mnt/Delta/wamp64/www/megalomaniac/node_modules/@babel/parser/lib/index.js:11046:23)
    at TypeScriptParserMixin.parseMaybeUnary (/mnt/Delta/wamp64/www/megalomaniac/node_modules/@babel/parser/lib/index.js:9837:18)
    at TypeScriptParserMixin.parseMaybeUnaryOrPrivate (/mnt/Delta/wamp64/www/megalomaniac/node_modules/@babel/parser/lib/index.js:10899:61)
    at TypeScriptParserMixin.parseExprOps (/mnt/Delta/wamp64/www/megalomaniac/node_modules/@babel/parser/lib/index.js:10904:23)
    at TypeScriptParserMixin.parseMaybeConditional (/mnt/Delta/wamp64/www/megalomaniac/node_modules/@babel/parser/lib/index.js:10881:23)
    at TypeScriptParserMixin.parseMaybeAssign (/mnt/Delta/wamp64/www/megalomaniac/node_modules/@babel/parser/lib/index.js:10831:21)
    at TypeScriptParserMixin.parseMaybeAssign (/mnt/Delta/wamp64/www/megalomaniac/node_modules/@babel/parser/lib/index.js:9786:20)
    at TypeScriptParserMixin.parseConditional (/mnt/Delta/wamp64/www/megalomaniac/node_modules/@babel/parser/lib/index.js:10893:29)
    at TypeScriptParserMixin.parseConditional (/mnt/Delta/wamp64/www/megalomaniac/node_modules/@babel/parser/lib/index.js:9603:18)
    at TypeScriptParserMixin.parseMaybeConditional (/mnt/Delta/wamp64/www/megalomaniac/node_modules/@babel/parser/lib/index.js:10885:17)
    at TypeScriptParserMixin.parseMaybeAssign (/mnt/Delta/wamp64/www/megalomaniac/node_modules/@babel/parser/lib/index.js:10831:21)
    at TypeScriptParserMixin.parseMaybeAssign (/mnt/Delta/wamp64/www/megalomaniac/node_modules/@babel/parser/lib/index.js:9786:20)
    at TypeScriptParserMixin.parseExpressionBase (/mnt/Delta/wamp64/www/megalomaniac/node_modules/@babel/parser/lib/index.js:10784:23)
    at /mnt/Delta/wamp64/www/megalomaniac/node_modules/@babel/parser/lib/index.js:10780:39
    at TypeScriptParserMixin.allowInAnd (/mnt/Delta/wamp64/www/megalomaniac/node_modules/@babel/parser/lib/index.js:12426:12)
    at TypeScriptParserMixin.parseExpression (/mnt/Delta/wamp64/www/megalomaniac/node_modules/@babel/parser/lib/index.js:10780:17)
    at TypeScriptParserMixin.jsxParseExpressionContainer (/mnt/Delta/wamp64/www/megalomaniac/node_modules/@babel/parser/lib/index.js:4632:31)
    at TypeScriptParserMixin.jsxParseElementAt (/mnt/Delta/wamp64/www/megalomaniac/node_modules/@babel/parser/lib/index.js:4711:36)
    at TypeScriptParserMixin.jsxParseElementAt (/mnt/Delta/wamp64/www/megalomaniac/node_modules/@babel/parser/lib/index.js:4698:32)
    at TypeScriptParserMixin.jsxParseElementAt (/mnt/Delta/wamp64/www/megalomaniac/node_modules/@babel/parser/lib/index.js:4698:32)
    at TypeScriptParserMixin.jsxParseElementAt (/mnt/Delta/wamp64/www/megalomaniac/node_modules/@babel/parser/lib/index.js:4698:32)
    at TypeScriptParserMixin.jsxParseElementAt (/mnt/Delta/wamp64/www/megalomaniac/node_modules/@babel/parser/lib/index.js:4698:32)
    at TypeScriptParserMixin.jsxParseElementAt (/mnt/Delta/wamp64/www/megalomaniac/node_modules/@babel/parser/lib/index.js:4698:32)
    at TypeScriptParserMixin.jsxParseElement (/mnt/Delta/wamp64/www/megalomaniac/node_modules/@babel/parser/lib/index.js:4749:17)
    at TypeScriptParserMixin.parseExprAtom (/mnt/Delta/wamp64/www/megalomaniac/node_modules/@babel/parser/lib/index.js:4759:19)
    at TypeScriptParserMixin.parseExprSubscripts (/mnt/Delta/wamp64/www/megalomaniac/node_modules/@babel/parser/lib/index.js:11081:23)
    at TypeScriptParserMixin.parseUpdate (/mnt/Delta/wamp64/www/megalomaniac/node_modules/@babel/parser/lib/index.js:11066:21)
    at TypeScriptParserMixin.parseMaybeUnary (/mnt/Delta/wamp64/www/megalomaniac/node_modules/@babel/parser/lib/index.js:11046:23)
    at TypeScriptParserMixin.parseMaybeUnary (/mnt/Delta/wamp64/www/megalomaniac/node_modules/@babel/parser/lib/index.js:9837:18)
    at TypeScriptParserMixin.parseMaybeUnaryOrPrivate (/mnt/Delta/wamp64/www/megalomaniac/node_modules/@babel/parser/lib/index.js:10899:61)
    at TypeScriptParserMixin.parseExprOps (/mnt/Delta/wamp64/www/megalomaniac/node_modules/@babel/parser/lib/index.js:10904:23)
    at TypeScriptParserMixin.parseMaybeConditional (/mnt/Delta/wamp64/www/megalomaniac/node_modules/@babel/parser/lib/index.js:10881:23)
    at TypeScriptParserMixin.parseMaybeAssign (/mnt/Delta/wamp64/www/megalomaniac/node_modules/@babel/parser/lib/index.js:10831:21)
    at /mnt/Delta/wamp64/www/megalomaniac/node_modules/@babel/parser/lib/index.js:9775:39
    at TypeScriptParserMixin.tryParse (/mnt/Delta/wamp64/www/megalomaniac/node_modules/@babel/parser/lib/index.js:6907:20)
    at TypeScriptParserMixin.parseMaybeAssign (/mnt/Delta/wamp64/www/megalomaniac/node_modules/@babel/parser/lib/index.js:9775:18)
    at /mnt/Delta/wamp64/www/megalomaniac/node_modules/@babel/parser/lib/index.js:10800:39
    at TypeScriptParserMixin.allowInAnd (/mnt/Delta/wamp64/www/megalomaniac/node_modules/@babel/parser/lib/index.js:12426:12)
    at TypeScriptParserMixin.parseMaybeAssignAllowIn (/mnt/Delta/wamp64/www/megalomaniac/node_modules/@babel/parser/lib/index.js:10800:17)
    at TypeScriptParserMixin.parseMaybeAssignAllowInOrVoidPattern (/mnt/Delta/wamp64/www/megalomaniac/node_modules/@babel/parser/lib/index.js:12493:17)
    at TypeScriptParserMixin.parseParenAndDistinguishExpression (/mnt/Delta/wamp64/www/megalomaniac/node_modules/@babel/parser/lib/index.js:11675:28)
